// Jest Snapshot v1, https://goo.gl/fbAQLP

exports[`snapshot 1`] = `
<DocumentFragment>
  <p>
    Data is loading...
  </p>
</DocumentFragment>
`;
