// Jest Snapshot v1, https://goo.gl/fbAQLP

exports[`snapshot 1`] = `
<DocumentFragment>
  <div>
    <h2>
      Log In
    </h2>
    <form>
      <label
        for="username"
      >
        Username
      </label>
      <input
        name="username"
        type="text"
        value=""
      />
      <label
        for="password"
      >
        Password
      </label>
      <input
        name="password"
        type="text"
        value=""
      />
      <button>
        Submit
      </button>
    </form>
  </div>
</DocumentFragment>
`;
