// Jest Snapshot v1, https://goo.gl/fbAQLP

exports[`snapshot 1`] = `
<DocumentFragment>
  <div>
    <h6 />
    <small>
      Salary: 
    </small>
    <br />
    <small>
      Equity: 
    </small>
  </div>
</DocumentFragment>
`;
