// Jest Snapshot v1, https://goo.gl/fbAQLP

exports[`snapshot 1`] = `
<DocumentFragment>
  <form>
    <input
      placeholder="Enter search term.."
      value=""
    />
    <button>
      Submit
    </button>
  </form>
</DocumentFragment>
`;
